[22:33:44] Starting Hermes 4 14B eval (3 runs × 9 chunks, 2 parallel slots)
[22:33:44] === Run 1/3 ===
  [22:33:44] chunk1 (slot A)
  [22:33:44] chunk2 (slot B)
  [22:36:37] pair done
  [22:36:37] chunk3 (slot A)
  [22:36:37] chunk4 (slot B)
  [22:45:44] pair done
  [22:45:44] chunk5 (slot A)
  [22:45:44] chunk6 (slot B)
  [22:52:01] pair done
  [22:52:01] chunk7 (slot A)
  [22:52:01] chunk8 (slot B)
  [22:56:36] pair done
  [22:56:36] chunk9 (slot A)
  [23:18:03] pair done
[23:18:03] Run 1 complete
[23:18:03] === Run 2/3 ===
  [23:18:03] chunk1 (slot A)
  [23:18:03] chunk2 (slot B)
  [23:21:35] pair done
  [23:21:35] chunk3 (slot A)
  [23:21:35] chunk4 (slot B)
  [23:25:33] pair done
  [23:25:33] chunk5 (slot A)
  [23:25:33] chunk6 (slot B)
  [23:27:30] pair done
  [23:27:30] chunk7 (slot A)
  [23:27:30] chunk8 (slot B)
  [23:29:32] pair done
  [23:29:32] chunk9 (slot A)
  [23:55:41] pair done
[23:55:41] Run 2 complete
[23:55:41] === Run 3/3 ===
  [23:55:41] chunk1 (slot A)
  [23:55:41] chunk2 (slot B)
  [23:58:10] pair done
  [23:58:10] chunk3 (slot A)
  [23:58:10] chunk4 (slot B)
  [00:02:16] pair done
  [00:02:16] chunk5 (slot A)
  [00:02:16] chunk6 (slot B)
  [00:12:05] pair done
  [00:12:05] chunk7 (slot A)
  [00:12:05] chunk8 (slot B)
  [00:15:16] pair done
  [00:15:16] chunk9 (slot A)
  [00:19:07] pair done
[00:19:07] Run 3 complete
[00:19:07] All runs complete
sponse.txt (169 lines)
Completed in 547s
VALIDATED: 40 total IDs, min-per-section=20 across [A|T]
Saved to results/hermes4-14b-q8-q4kv-2slot-65k-ai-infer2/run1/chunk3-response.txt (301 lines)
  [22:45:44] pair done
  [22:45:44] chunk5 (slot A)
  [22:45:44] chunk6 (slot B)
Topics: JavaScript / TypeScript/Bash/PowerShell | Total: 60 | Expected prefixes: B|JS|PS (first: JS1)
Topics: .NET / C#/Python | Total: 40 | Expected prefixes: DN|P (first: DN1)
Sending to hermes4-14b [nonce=eval-1777581945009895025-119908-17764] (attempt 1)...
Sending to hermes4-14b [nonce=eval-1777581945009866350-119912-5749] (attempt 1)...
Completed in 183s
VALIDATED: 40 total IDs, min-per-section=20 across [DN|P]
Saved to results/hermes4-14b-q8-q4kv-2slot-65k-ai-infer2/run1/chunk5-response.txt (287 lines)
Completed in 376s
VALIDATED: 60 total IDs, min-per-section=20 across [B|JS|PS]
Saved to results/hermes4-14b-q8-q4kv-2slot-65k-ai-infer2/run1/chunk6-response.txt (442 lines)
  [22:52:01] pair done
  [22:52:01] chunk7 (slot A)
  [22:52:01] chunk8 (slot B)
Topics: Application Architecture/On-Premise Infrastructure Architecture | Total: 40 | Expected prefixes: AA|OP (first: AA1)
Topics: Cloud Infrastructure Architecture/OT Infrastructure Architecture | Total: 40 | Expected prefixes: CL|OT (first: CL1)
Sending to hermes4-14b [nonce=eval-1777582321550655632-122186-21756] (attempt 1)...
Sending to hermes4-14b [nonce=eval-1777582321552713828-122190-26542] (attempt 1)...
Completed in 163s
VALIDATED: 40 total IDs, min-per-section=20 across [CL|OT]
Saved to results/hermes4-14b-q8-q4kv-2slot-65k-ai-infer2/run1/chunk8-response.txt (249 lines)
Completed in 275s
VALIDATED: 40 total IDs, min-per-section=20 across [AA|OP]
Saved to results/hermes4-14b-q8-q4kv-2slot-65k-ai-infer2/run1/chunk7-response.txt (83 lines)
  [22:56:36] pair done
  [22:56:36] chunk9 (slot A)
Topics: Scenarios (10 × A/B/C parts) | Total: 30 | Expected prefixes: SC (first: SC1)
Sending to hermes4-14b [nonce=eval-1777582596172216765-124140-23055] (attempt 1)...
Completed in 1287s
VALIDATED: 7 total IDs, min-per-section=7 across [SC]
Saved to results/hermes4-14b-q8-q4kv-2slot-65k-ai-infer2/run1/chunk9-response.txt (1657 lines)
  [23:18:03] pair done
[23:18:03] Run 1 complete
[23:18:03] === Run 2/3 ===
  [23:18:03] chunk1 (slot A)
  [23:18:03] chunk2 (slot B)
Topics: Networking/Linux | Total: 40 | Expected prefixes: L|N (first: N1)
Topics: Kubernetes/Development | Total: 40 | Expected prefixes: D|K (first: K1)
Sending to hermes4-14b [nonce=eval-1777583883459921567-133299-27167] (attempt 1)...
Sending to hermes4-14b [nonce=eval-1777583883459538895-133295-15538] (attempt 1)...
Completed in 150s
VALIDATED: 40 total IDs, min-per-section=20 across [L|N]
Saved to results/hermes4-14b-q8-q4kv-2slot-65k-ai-infer2/run2/chunk1-response.txt (150 lines)
Completed in 212s
VALIDATED: 40 total IDs, min-per-section=20 across [D|K]
Saved to results/hermes4-14b-q8-q4kv-2slot-65k-ai-infer2/run2/chunk2-response.txt (212 lines)
  [23:21:35] pair done
  [23:21:35] chunk3 (slot A)
  [23:21:35] chunk4 (slot B)
Topics: Go/Rust | Total: 40 | Expected prefixes: G|R (first: G1)
Topics: OpenTofu / Terraform/Ansible | Total: 40 | Expected prefixes: A|T (first: T1)
Sending to hermes4-14b [nonce=eval-1777584095680465101-134364-5367] (attempt 1)...
Sending to hermes4-14b [nonce=eval-1777584095680455193-134360-31031] (attempt 1)...
Completed in 159s
VALIDATED: 40 total IDs, min-per-section=20 across [G|R]
Saved to results/hermes4-14b-q8-q4kv-2slot-65k-ai-infer2/run2/chunk4-response.txt (291 lines)
Completed in 238s
VALIDATED: 40 total IDs, min-per-section=20 across [A|T]
Saved to results/hermes4-14b-q8-q4kv-2slot-65k-ai-infer2/run2/chunk3-response.txt (228 lines)
  [23:25:33] pair done
  [23:25:33] chunk5 (slot A)
  [23:25:33] chunk6 (slot B)
Topics: JavaScript / TypeScript/Bash/PowerShell | Total: 60 | Expected prefixes: B|JS|PS (first: JS1)
Topics: .NET / C#/Python | Total: 40 | Expected prefixes: DN|P (first: DN1)
Sending to hermes4-14b [nonce=eval-1777584333952475024-135415-7660] (attempt 1)...
Sending to hermes4-14b [nonce=eval-1777584333952536167-135419-13415] (attempt 1)...
Completed in 111s
VALIDATED: 40 total IDs, min-per-section=20 across [DN|P]
Saved to results/hermes4-14b-q8-q4kv-2slot-65k-ai-infer2/run2/chunk5-response.txt (238 lines)
Completed in 117s
VALIDATED: 60 total IDs, min-per-section=20 across [B|JS|PS]
Saved to results/hermes4-14b-q8-q4kv-2slot-65k-ai-infer2/run2/chunk6-response.txt (221 lines)
  [23:27:30] pair done
  [23:27:30] chunk7 (slot A)
  [23:27:30] chunk8 (slot B)
Topics: Application Architecture/On-Premise Infrastructure Architecture | Total: 40 | Expected prefixes: AA|OP (first: AA1)
Topics: Cloud Infrastructure Architecture/OT Infrastructure Architecture | Total: 40 | Expected prefixes: CL|OT (first: CL1)
Sending to hermes4-14b [nonce=eval-1777584450412418403-136141-27452] (attempt 1)...
Sending to hermes4-14b [nonce=eval-1777584450414538157-136145-10005] (attempt 1)...
Completed in 105s
VALIDATED: 40 total IDs, min-per-section=20 across [AA|OP]
Saved to results/hermes4-14b-q8-q4kv-2slot-65k-ai-infer2/run2/chunk7-response.txt (115 lines)
Completed in 122s
VALIDATED: 40 total IDs, min-per-section=20 across [CL|OT]
Saved to results/hermes4-14b-q8-q4kv-2slot-65k-ai-infer2/run2/chunk8-response.txt (203 lines)
  [23:29:32] pair done
  [23:29:32] chunk9 (slot A)
Topics: Scenarios (10 × A/B/C parts) | Total: 30 | Expected prefixes: SC (first: SC1)
Sending to hermes4-14b [nonce=eval-1777584572855209563-136836-11523] (attempt 1)...
Completed in 1569s
VALIDATED: 29 total IDs, min-per-section=29 across [SC]
Saved to results/hermes4-14b-q8-q4kv-2slot-65k-ai-infer2/run2/chunk9-response.txt (1053 lines)
  [23:55:41] pair done
[23:55:41] Run 2 complete
[23:55:41] === Run 3/3 ===
  [23:55:41] chunk1 (slot A)
  [23:55:41] chunk2 (slot B)
Topics: Kubernetes/Development | Total: 40 | Expected prefixes: D|K (first: K1)
Topics: Networking/Linux | Total: 40 | Expected prefixes: L|N (first: N1)
Sending to hermes4-14b [nonce=eval-1777586141304660120-143960-7465] (attempt 1)...
Sending to hermes4-14b [nonce=eval-1777586141304712353-143964-31515] (attempt 1)...
Completed in 115s
VALIDATED: 40 total IDs, min-per-section=20 across [L|N]
Saved to results/hermes4-14b-q8-q4kv-2slot-65k-ai-infer2/run3/chunk1-response.txt (115 lines)
Completed in 149s
VALIDATED: 40 total IDs, min-per-section=20 across [D|K]
Saved to results/hermes4-14b-q8-q4kv-2slot-65k-ai-infer2/run3/chunk2-response.txt (228 lines)
  [23:58:10] pair done
  [23:58:10] chunk3 (slot A)
  [23:58:10] chunk4 (slot B)
Topics: OpenTofu / Terraform/Ansible | Total: 40 | Expected prefixes: A|T (first: T1)
Topics: Go/Rust | Total: 40 | Expected prefixes: G|R (first: G1)
Sending to hermes4-14b [nonce=eval-1777586291000887749-144856-6944] (attempt 1)...
Sending to hermes4-14b [nonce=eval-1777586291002176696-144860-24009] (attempt 1)...
Completed in 102s
VALIDATED: 40 total IDs, min-per-section=20 across [G|R]
Saved to results/hermes4-14b-q8-q4kv-2slot-65k-ai-infer2/run3/chunk4-response.txt (194 lines)
Completed in 245s
VALIDATED: 40 total IDs, min-per-section=20 across [A|T]
Saved to results/hermes4-14b-q8-q4kv-2slot-65k-ai-infer2/run3/chunk3-response.txt (244 lines)
  [00:02:16] pair done
  [00:02:16] chunk5 (slot A)
  [00:02:16] chunk6 (slot B)
Topics: .NET / C#/Python | Total: 40 | Expected prefixes: DN|P (first: DN1)
Topics: JavaScript / TypeScript/Bash/PowerShell | Total: 60 | Expected prefixes: B|JS|PS (first: JS1)
Sending to hermes4-14b [nonce=eval-1777586536265230850-146167-26200] (attempt 1)...
Sending to hermes4-14b [nonce=eval-1777586536266329406-146171-15612] (attempt 1)...
Completed in 173s
VALIDATED: 40 total IDs, min-per-section=20 across [DN|P]
Saved to results/hermes4-14b-q8-q4kv-2slot-65k-ai-infer2/run3/chunk5-response.txt (271 lines)
Completed in 589s
VALIDATED: 60 total IDs, min-per-section=20 across [B|JS|PS]
Saved to results/hermes4-14b-q8-q4kv-2slot-65k-ai-infer2/run3/chunk6-response.txt (538 lines)
  [00:12:05] pair done
  [00:12:05] chunk7 (slot A)
  [00:12:05] chunk8 (slot B)
Topics: Cloud Infrastructure Architecture/OT Infrastructure Architecture | Total: 40 | Expected prefixes: CL|OT (first: CL1)
Topics: Application Architecture/On-Premise Infrastructure Architecture | Total: 40 | Expected prefixes: AA|OP (first: AA1)
Sending to hermes4-14b [nonce=eval-1777587125390291923-149836-26846] (attempt 1)...
Sending to hermes4-14b [nonce=eval-1777587125390539904-149840-27863] (attempt 1)...
Completed in 85s
VALIDATED: 40 total IDs, min-per-section=20 across [AA|OP]
Saved to results/hermes4-14b-q8-q4kv-2slot-65k-ai-infer2/run3/chunk7-response.txt (82 lines)
Completed in 191s
VALIDATED: 40 total IDs, min-per-section=20 across [CL|OT]
Saved to results/hermes4-14b-q8-q4kv-2slot-65k-ai-infer2/run3/chunk8-response.txt (79 lines)
  [00:15:16] pair done
  [00:15:16] chunk9 (slot A)
Topics: Scenarios (10 × A/B/C parts) | Total: 30 | Expected prefixes: SC (first: SC1)
Sending to hermes4-14b [nonce=eval-1777587316980348703-151328-7041] (attempt 1)...
Completed in 231s
VALIDATED: 10 total IDs, min-per-section=10 across [SC]
Saved to results/hermes4-14b-q8-q4kv-2slot-65k-ai-infer2/run3/chunk9-response.txt (505 lines)
  [00:19:07] pair done
[00:19:07] Run 3 complete
[00:19:07] All runs complete
